Archive member included because of file (symbol)

c:/program files (x86)/atmel/avr studio 5.0/avr toolchain/bin/../lib/gcc/avr/4.5.1/avr4\libgcc.a(_divmodhi4.o)
                              uart.o (__divmodhi4)
c:/program files (x86)/atmel/avr studio 5.0/avr toolchain/bin/../lib/gcc/avr/4.5.1/avr4\libgcc.a(_exit.o)
                              c:/program files (x86)/atmel/avr studio 5.0/avr toolchain/bin/../lib/gcc/avr/4.5.1/../../../../avr/lib/avr4/crtm8.o (exit)
c:/program files (x86)/atmel/avr studio 5.0/avr toolchain/bin/../lib/gcc/avr/4.5.1/avr4\libgcc.a(_copy_data.o)
                              usbdrv.o (__do_copy_data)
c:/program files (x86)/atmel/avr studio 5.0/avr toolchain/bin/../lib/gcc/avr/4.5.1/avr4\libgcc.a(_clear_bss.o)
                              at24cxxx.o (__do_clear_bss)
c:/program files (x86)/atmel/avr studio 5.0/avr toolchain/bin/../lib/gcc/avr/4.5.1/avr4\libgcc.a(_udivmodhi4.o)
                              c:/program files (x86)/atmel/avr studio 5.0/avr toolchain/bin/../lib/gcc/avr/4.5.1/avr4\libgcc.a(_divmodhi4.o) (__udivmodhi4)
c:/program files (x86)/atmel/avr studio 5.0/avr toolchain/bin/../lib/gcc/avr/4.5.1/../../../../avr/lib/avr4\libc.a(eerd_block_atmega8.o)
                              usbStorage.o (__eerd_block_m8)
c:/program files (x86)/atmel/avr studio 5.0/avr toolchain/bin/../lib/gcc/avr/4.5.1/../../../../avr/lib/avr4\libc.a(eewr_block_atmega8.o)
                              usbStorage.o (__eewr_block_m8)
c:/program files (x86)/atmel/avr studio 5.0/avr toolchain/bin/../lib/gcc/avr/4.5.1/../../../../avr/lib/avr4\libc.a(eewr_byte_atmega8.o)
                              c:/program files (x86)/atmel/avr studio 5.0/avr toolchain/bin/../lib/gcc/avr/4.5.1/../../../../avr/lib/avr4\libc.a(eewr_block_atmega8.o) (__eewr_r18_m8)

Allocating common symbols
Common symbol       size              file

usbTxBuf            0xb               usbdrv.o
twst                0x1               at24cxxx.o
usbTxStatus1        0xc               usbdrv.o
usbDeviceAddr       0x1               usbdrv.o
usbRxToken          0x1               usbdrv.o
usbInputBufOffset   0x1               usbdrv.o
usbMsgPtr           0x2               usbdrv.o
usbRxLen            0x1               usbdrv.o
usbNewDeviceAddr    0x1               usbdrv.o
usbCurrentTok       0x1               usbdrv.o
usbConfiguration    0x1               usbdrv.o
usbRxBuf            0x16              usbdrv.o

Memory Configuration

Name             Origin             Length             Attributes
text             0x00000000         0x00002000         xr
data             0x00800060         0x0000ffa0         rw !x
eeprom           0x00810000         0x00010000         rw !x
fuse             0x00820000         0x00000400         rw !x
lock             0x00830000         0x00000400         rw !x
signature        0x00840000         0x00000400         rw !x
*default*        0x00000000         0xffffffff

Linker script and memory map

LOAD c:/program files (x86)/atmel/avr studio 5.0/avr toolchain/bin/../lib/gcc/avr/4.5.1/../../../../avr/lib/avr4/crtm8.o
LOAD at24cxxx.o
LOAD i2cmaster/i2cmaster.o
LOAD Memory/I2cMemory.o
LOAD Model/IOmodel.o
LOAD oddebug.o
LOAD uart.o
LOAD UartTests/UartBlock.o
LOAD usbdrv.o
LOAD usbdrvasm.o
LOAD usbStorage.o
LOAD c:/program files (x86)/atmel/avr studio 5.0/avr toolchain/bin/../lib/gcc/avr/4.5.1/avr4\libgcc.a
LOAD c:/program files (x86)/atmel/avr studio 5.0/avr toolchain/bin/../lib/gcc/avr/4.5.1/../../../../avr/lib/avr4\libc.a
LOAD c:/program files (x86)/atmel/avr studio 5.0/avr toolchain/bin/../lib/gcc/avr/4.5.1/avr4\libgcc.a

.hash
 *(.hash)

.dynsym
 *(.dynsym)

.dynstr
 *(.dynstr)

.gnu.version
 *(.gnu.version)

.gnu.version_d
 *(.gnu.version_d)

.gnu.version_r
 *(.gnu.version_r)

.rel.init
 *(.rel.init)

.rela.init
 *(.rela.init)

.rel.text
 *(.rel.text)
 *(.rel.text.*)
 *(.rel.gnu.linkonce.t*)

.rela.text
 *(.rela.text)
 *(.rela.text.*)
 *(.rela.gnu.linkonce.t*)

.rel.fini
 *(.rel.fini)

.rela.fini
 *(.rela.fini)

.rel.rodata
 *(.rel.rodata)
 *(.rel.rodata.*)
 *(.rel.gnu.linkonce.r*)

.rela.rodata
 *(.rela.rodata)
 *(.rela.rodata.*)
 *(.rela.gnu.linkonce.r*)

.rel.data
 *(.rel.data)
 *(.rel.data.*)
 *(.rel.gnu.linkonce.d*)

.rela.data
 *(.rela.data)
 *(.rela.data.*)
 *(.rela.gnu.linkonce.d*)

.rel.ctors
 *(.rel.ctors)

.rela.ctors
 *(.rela.ctors)

.rel.dtors
 *(.rel.dtors)

.rela.dtors
 *(.rela.dtors)

.rel.got
 *(.rel.got)

.rela.got
 *(.rela.got)

.rel.bss
 *(.rel.bss)

.rela.bss
 *(.rela.bss)

.rel.plt
 *(.rel.plt)

.rela.plt
 *(.rela.plt)

.text           0x00000000     0x16fa
 *(.vectors)
 .vectors       0x00000000       0x26 c:/program files (x86)/atmel/avr studio 5.0/avr toolchain/bin/../lib/gcc/avr/4.5.1/../../../../avr/lib/avr4/crtm8.o
                0x00000000                __vector_default
                0x00000000                __vectors
 *(.vectors)
 *(.progmem.gcc*)
 *(.progmem*)
 .progmem.data  0x00000026       0x50 usbdrv.o
                0x00000026                usbDescriptorString0
                0x0000002a                usbDescriptorStringVendor
                0x00000036                usbDescriptorStringDevice
                0x00000042                usbDescriptorDevice
                0x00000054                usbDescriptorConfiguration
 .progmem.data  0x00000076       0x30 usbStorage.o
                0x00000076                usbDescriptorHidReport
                0x000000a6                . = ALIGN (0x2)
                0x000000a6                __trampolines_start = .
 *(.trampolines)
 .trampolines   0x000000a6        0x0 linker stubs
 *(.trampolines*)
                0x000000a6                __trampolines_end = .
 *(.jumptables)
 *(.jumptables*)
 *(.lowtext)
 *(.lowtext*)
                0x000000a6                __ctors_start = .
 *(.ctors)
                0x000000a6                __ctors_end = .
                0x000000a6                __dtors_start = .
 *(.dtors)
                0x000000a6                __dtors_end = .
 SORT(*)(.ctors)
 SORT(*)(.dtors)
 *(.init0)
 .init0         0x000000a6        0x0 c:/program files (x86)/atmel/avr studio 5.0/avr toolchain/bin/../lib/gcc/avr/4.5.1/../../../../avr/lib/avr4/crtm8.o
                0x000000a6                __init
 *(.init0)
 *(.init1)
 *(.init1)
 *(.init2)
 .init2         0x000000a6        0xc c:/program files (x86)/atmel/avr studio 5.0/avr toolchain/bin/../lib/gcc/avr/4.5.1/../../../../avr/lib/avr4/crtm8.o
 *(.init2)
 *(.init3)
 *(.init3)
 *(.init4)
 .init4         0x000000b2       0x16 c:/program files (x86)/atmel/avr studio 5.0/avr toolchain/bin/../lib/gcc/avr/4.5.1/avr4\libgcc.a(_copy_data.o)
                0x000000b2                __do_copy_data
 .init4         0x000000c8       0x10 c:/program files (x86)/atmel/avr studio 5.0/avr toolchain/bin/../lib/gcc/avr/4.5.1/avr4\libgcc.a(_clear_bss.o)
                0x000000c8                __do_clear_bss
 *(.init4)
 *(.init5)
 *(.init5)
 *(.init6)
 *(.init6)
 *(.init7)
 *(.init7)
 *(.init8)
 *(.init8)
 *(.init9)
 .init9         0x000000d8        0x4 c:/program files (x86)/atmel/avr studio 5.0/avr toolchain/bin/../lib/gcc/avr/4.5.1/../../../../avr/lib/avr4/crtm8.o
 *(.init9)
 *(.text)
 .text          0x000000dc        0x2 c:/program files (x86)/atmel/avr studio 5.0/avr toolchain/bin/../lib/gcc/avr/4.5.1/../../../../avr/lib/avr4/crtm8.o
                0x000000dc                __bad_interrupt
                0x000000dc                __vector_6
                0x000000dc                __vector_3
                0x000000dc                __vector_13
                0x000000dc                __vector_17
                0x000000dc                __vector_7
                0x000000dc                __vector_5
                0x000000dc                __vector_4
                0x000000dc                __vector_9
                0x000000dc                __vector_2
                0x000000dc                __vector_15
                0x000000dc                __vector_14
                0x000000dc                __vector_10
                0x000000dc                __vector_16
                0x000000dc                __vector_18
 .text          0x000000de      0x674 at24cxxx.o
                0x000000de                twi_init
                0x000000fe                ee24cxxx_write_page
                0x00000388                ee24cxxx_write_bytes
                0x00000438                ee24cxxx_read_bytes
 .text          0x00000752       0xce i2cmaster/i2cmaster.o
                0x00000762                i2c_init
                0x0000076c                i2c_start
                0x00000774                i2c_rep_start
                0x00000788                i2c_start_wait
                0x0000079c                i2c_stop
                0x000007ac                i2c_write
                0x000007e4                i2c_readNak
                0x000007e8                i2c_readAck
                0x000007ea                i2c_read
 .text          0x00000820       0x28 Memory/I2cMemory.o
                0x00000820                writePage64
 .text          0x00000848       0xa4 Model/IOmodel.o
                0x00000848                timer1_init
                0x0000087e                __vector_8
 .text          0x000008ec        0x0 oddebug.o
 .text          0x000008ec      0x308 uart.o
                0x000008ec                __vector_11
                0x0000097a                __vector_12
                0x000009fc                uart_init
                0x00000a6e                uart_getc
                0x00000aca                uart_putc
                0x00000b1e                uart_puts
                0x00000b5a                uart_puts_p
                0x00000baa                uart_available
                0x00000bde                uart_flush
 .text          0x00000bf4        0x0 UartTests/UartBlock.o
 .text          0x00000bf4      0x60c usbdrv.o
                0x00000cd2                usbSetInterrupt
                0x00001128                usbPoll
                0x000011c6                usbInit
 .text          0x00001200      0x2ea usbdrvasm.o
                0x00001200                usbCrc16
                0x0000122a                usbCrc16Append
                0x00001232                __vector_1
 .text          0x000014ea      0x172 usbStorage.o
                0x000014ea                usbFunctionRead
                0x00001550                usbFunctionWrite
                0x000015cc                usbFunctionSetup
                0x0000163e                main
 .text          0x0000165c        0x0 c:/program files (x86)/atmel/avr studio 5.0/avr toolchain/bin/../lib/gcc/avr/4.5.1/avr4\libgcc.a(_divmodhi4.o)
 .text          0x0000165c        0x0 c:/program files (x86)/atmel/avr studio 5.0/avr toolchain/bin/../lib/gcc/avr/4.5.1/avr4\libgcc.a(_exit.o)
 .text          0x0000165c        0x0 c:/program files (x86)/atmel/avr studio 5.0/avr toolchain/bin/../lib/gcc/avr/4.5.1/avr4\libgcc.a(_copy_data.o)
 .text          0x0000165c        0x0 c:/program files (x86)/atmel/avr studio 5.0/avr toolchain/bin/../lib/gcc/avr/4.5.1/avr4\libgcc.a(_clear_bss.o)
 .text          0x0000165c        0x0 c:/program files (x86)/atmel/avr studio 5.0/avr toolchain/bin/../lib/gcc/avr/4.5.1/avr4\libgcc.a(_udivmodhi4.o)
 .text          0x0000165c        0x0 c:/program files (x86)/atmel/avr studio 5.0/avr toolchain/bin/../lib/gcc/avr/4.5.1/../../../../avr/lib/avr4\libc.a(eerd_block_atmega8.o)
 .text          0x0000165c        0x0 c:/program files (x86)/atmel/avr studio 5.0/avr toolchain/bin/../lib/gcc/avr/4.5.1/../../../../avr/lib/avr4\libc.a(eewr_block_atmega8.o)
 .text          0x0000165c        0x0 c:/program files (x86)/atmel/avr studio 5.0/avr toolchain/bin/../lib/gcc/avr/4.5.1/../../../../avr/lib/avr4\libc.a(eewr_byte_atmega8.o)
                0x0000165c                . = ALIGN (0x2)
 *(.text.*)
 .text.libgcc   0x0000165c       0x26 c:/program files (x86)/atmel/avr studio 5.0/avr toolchain/bin/../lib/gcc/avr/4.5.1/avr4\libgcc.a(_divmodhi4.o)
                0x0000165c                _div
                0x0000165c                __divmodhi4
 .text.libgcc   0x00001682        0x0 c:/program files (x86)/atmel/avr studio 5.0/avr toolchain/bin/../lib/gcc/avr/4.5.1/avr4\libgcc.a(_exit.o)
 .text.libgcc   0x00001682        0x0 c:/program files (x86)/atmel/avr studio 5.0/avr toolchain/bin/../lib/gcc/avr/4.5.1/avr4\libgcc.a(_copy_data.o)
 .text.libgcc   0x00001682        0x0 c:/program files (x86)/atmel/avr studio 5.0/avr toolchain/bin/../lib/gcc/avr/4.5.1/avr4\libgcc.a(_clear_bss.o)
 .text.libgcc   0x00001682       0x28 c:/program files (x86)/atmel/avr studio 5.0/avr toolchain/bin/../lib/gcc/avr/4.5.1/avr4\libgcc.a(_udivmodhi4.o)
                0x00001682                __udivmodhi4
 .text.avr-libc
                0x000016aa       0x20 c:/program files (x86)/atmel/avr studio 5.0/avr toolchain/bin/../lib/gcc/avr/4.5.1/../../../../avr/lib/avr4\libc.a(eerd_block_atmega8.o)
                0x000016aa                __eerd_block_m8
                0x000016ae                __eerd_blraw_m8
 .text.avr-libc
                0x000016ca       0x12 c:/program files (x86)/atmel/avr studio 5.0/avr toolchain/bin/../lib/gcc/avr/4.5.1/../../../../avr/lib/avr4\libc.a(eewr_block_atmega8.o)
                0x000016ca                __eewr_block_m8
 .text.avr-libc
                0x000016dc       0x1a c:/program files (x86)/atmel/avr studio 5.0/avr toolchain/bin/../lib/gcc/avr/4.5.1/../../../../avr/lib/avr4\libc.a(eewr_byte_atmega8.o)
                0x000016dc                __eewr_byte_m8
                0x000016de                __eewr_r18_m8
                0x000016f6                . = ALIGN (0x2)
 *(.fini9)
 .fini9         0x000016f6        0x0 c:/program files (x86)/atmel/avr studio 5.0/avr toolchain/bin/../lib/gcc/avr/4.5.1/avr4\libgcc.a(_exit.o)
                0x000016f6                _exit
                0x000016f6                exit
 *(.fini9)
 *(.fini8)
 *(.fini8)
 *(.fini7)
 *(.fini7)
 *(.fini6)
 *(.fini6)
 *(.fini5)
 *(.fini5)
 *(.fini4)
 *(.fini4)
 *(.fini3)
 *(.fini3)
 *(.fini2)
 *(.fini2)
 *(.fini1)
 *(.fini1)
 *(.fini0)
 .fini0         0x000016f6        0x4 c:/program files (x86)/atmel/avr studio 5.0/avr toolchain/bin/../lib/gcc/avr/4.5.1/avr4\libgcc.a(_exit.o)
 *(.fini0)
                0x000016fa                _etext = .

.data           0x00800060        0xa load address 0x000016fa
                0x00800060                PROVIDE (__data_start, .)
 *(.data)
 .data          0x00800060        0x0 c:/program files (x86)/atmel/avr studio 5.0/avr toolchain/bin/../lib/gcc/avr/4.5.1/../../../../avr/lib/avr4/crtm8.o
 .data          0x00800060        0x0 at24cxxx.o
 .data          0x00800060        0x0 i2cmaster/i2cmaster.o
 .data          0x00800060        0x0 Memory/I2cMemory.o
 .data          0x00800060        0x0 Model/IOmodel.o
 .data          0x00800060        0x0 oddebug.o
 .data          0x00800060        0x0 uart.o
 .data          0x00800060        0x0 UartTests/UartBlock.o
 .data          0x00800060        0x2 usbdrv.o
                0x00800060                usbTxLen
 .data          0x00800062        0x0 usbdrvasm.o
 .data          0x00800062        0x8 usbStorage.o
                0x00800062                transferData
 .data          0x0080006a        0x0 c:/program files (x86)/atmel/avr studio 5.0/avr toolchain/bin/../lib/gcc/avr/4.5.1/avr4\libgcc.a(_divmodhi4.o)
 .data          0x0080006a        0x0 c:/program files (x86)/atmel/avr studio 5.0/avr toolchain/bin/../lib/gcc/avr/4.5.1/avr4\libgcc.a(_exit.o)
 .data          0x0080006a        0x0 c:/program files (x86)/atmel/avr studio 5.0/avr toolchain/bin/../lib/gcc/avr/4.5.1/avr4\libgcc.a(_copy_data.o)
 .data          0x0080006a        0x0 c:/program files (x86)/atmel/avr studio 5.0/avr toolchain/bin/../lib/gcc/avr/4.5.1/avr4\libgcc.a(_clear_bss.o)
 .data          0x0080006a        0x0 c:/program files (x86)/atmel/avr studio 5.0/avr toolchain/bin/../lib/gcc/avr/4.5.1/avr4\libgcc.a(_udivmodhi4.o)
 .data          0x0080006a        0x0 c:/program files (x86)/atmel/avr studio 5.0/avr toolchain/bin/../lib/gcc/avr/4.5.1/../../../../avr/lib/avr4\libc.a(eerd_block_atmega8.o)
 .data          0x0080006a        0x0 c:/program files (x86)/atmel/avr studio 5.0/avr toolchain/bin/../lib/gcc/avr/4.5.1/../../../../avr/lib/avr4\libc.a(eewr_block_atmega8.o)
 .data          0x0080006a        0x0 c:/program files (x86)/atmel/avr studio 5.0/avr toolchain/bin/../lib/gcc/avr/4.5.1/../../../../avr/lib/avr4\libc.a(eewr_byte_atmega8.o)
 *(.data*)
 *(.rodata)
 *(.rodata*)
 *(.gnu.linkonce.d*)
                0x0080006a                . = ALIGN (0x2)
                0x0080006a                _edata = .
                0x0080006a                PROVIDE (__data_end, .)

.bss            0x0080006a       0x80
                0x0080006a                PROVIDE (__bss_start, .)
 *(.bss)
 .bss           0x0080006a        0x0 c:/program files (x86)/atmel/avr studio 5.0/avr toolchain/bin/../lib/gcc/avr/4.5.1/../../../../avr/lib/avr4/crtm8.o
 .bss           0x0080006a        0x0 at24cxxx.o
 .bss           0x0080006a        0x0 i2cmaster/i2cmaster.o
 .bss           0x0080006a        0x0 Memory/I2cMemory.o
 .bss           0x0080006a        0x0 Model/IOmodel.o
 .bss           0x0080006a        0x0 oddebug.o
 .bss           0x0080006a       0x45 uart.o
 .bss           0x008000af        0x0 UartTests/UartBlock.o
 .bss           0x008000af        0x1 usbdrv.o
 .bss           0x008000b0        0x0 usbdrvasm.o
 .bss           0x008000b0        0x3 usbStorage.o
                0x008000b0                hostOrder
 .bss           0x008000b3        0x0 c:/program files (x86)/atmel/avr studio 5.0/avr toolchain/bin/../lib/gcc/avr/4.5.1/avr4\libgcc.a(_divmodhi4.o)
 .bss           0x008000b3        0x0 c:/program files (x86)/atmel/avr studio 5.0/avr toolchain/bin/../lib/gcc/avr/4.5.1/avr4\libgcc.a(_exit.o)
 .bss           0x008000b3        0x0 c:/program files (x86)/atmel/avr studio 5.0/avr toolchain/bin/../lib/gcc/avr/4.5.1/avr4\libgcc.a(_copy_data.o)
 .bss           0x008000b3        0x0 c:/program files (x86)/atmel/avr studio 5.0/avr toolchain/bin/../lib/gcc/avr/4.5.1/avr4\libgcc.a(_clear_bss.o)
 .bss           0x008000b3        0x0 c:/program files (x86)/atmel/avr studio 5.0/avr toolchain/bin/../lib/gcc/avr/4.5.1/avr4\libgcc.a(_udivmodhi4.o)
 .bss           0x008000b3        0x0 c:/program files (x86)/atmel/avr studio 5.0/avr toolchain/bin/../lib/gcc/avr/4.5.1/../../../../avr/lib/avr4\libc.a(eerd_block_atmega8.o)
 .bss           0x008000b3        0x0 c:/program files (x86)/atmel/avr studio 5.0/avr toolchain/bin/../lib/gcc/avr/4.5.1/../../../../avr/lib/avr4\libc.a(eewr_block_atmega8.o)
 .bss           0x008000b3        0x0 c:/program files (x86)/atmel/avr studio 5.0/avr toolchain/bin/../lib/gcc/avr/4.5.1/../../../../avr/lib/avr4\libc.a(eewr_byte_atmega8.o)
 *(.bss*)
 *(COMMON)
 COMMON         0x008000b3        0x1 at24cxxx.o
                0x008000b3                twst
 COMMON         0x008000b4       0x36 usbdrv.o
                0x008000b4                usbTxBuf
                0x008000bf                usbTxStatus1
                0x008000cb                usbDeviceAddr
                0x008000cc                usbRxToken
                0x008000cd                usbInputBufOffset
                0x008000ce                usbMsgPtr
                0x008000d0                usbRxLen
                0x008000d1                usbNewDeviceAddr
                0x008000d2                usbCurrentTok
                0x008000d3                usbConfiguration
                0x008000d4                usbRxBuf
                0x008000ea                PROVIDE (__bss_end, .)
                0x000016fa                __data_load_start = LOADADDR (.data)
                0x00001704                __data_load_end = (__data_load_start + SIZEOF (.data))

.noinit         0x008000ea        0x0
                0x008000ea                PROVIDE (__noinit_start, .)
 *(.noinit*)
                0x008000ea                PROVIDE (__noinit_end, .)
                0x008000ea                _end = .
                0x008000ea                PROVIDE (__heap_start, .)

.eeprom         0x00810000        0x0
 *(.eeprom*)
                0x00810000                __eeprom_end = .

.fuse
 *(.fuse)
 *(.lfuse)
 *(.hfuse)
 *(.efuse)

.lock
 *(.lock*)

.signature
 *(.signature*)

.stab           0x00000000      0x960
 *(.stab)
 .stab          0x00000000      0x6cc c:/program files (x86)/atmel/avr studio 5.0/avr toolchain/bin/../lib/gcc/avr/4.5.1/../../../../avr/lib/avr4/crtm8.o
 .stab          0x000006cc       0x18 i2cmaster/i2cmaster.o
                                 0x24 (size before relaxing)
 .stab          0x000006e4      0x108 c:/program files (x86)/atmel/avr studio 5.0/avr toolchain/bin/../lib/gcc/avr/4.5.1/../../../../avr/lib/avr4\libc.a(eerd_block_atmega8.o)
                                0x114 (size before relaxing)
 .stab          0x000007ec       0x9c c:/program files (x86)/atmel/avr studio 5.0/avr toolchain/bin/../lib/gcc/avr/4.5.1/../../../../avr/lib/avr4\libc.a(eewr_block_atmega8.o)
                                 0xa8 (size before relaxing)
 .stab          0x00000888       0xd8 c:/program files (x86)/atmel/avr studio 5.0/avr toolchain/bin/../lib/gcc/avr/4.5.1/../../../../avr/lib/avr4\libc.a(eewr_byte_atmega8.o)
                                 0xe4 (size before relaxing)

.stabstr        0x00000000      0x1bc
 *(.stabstr)
 .stabstr       0x00000000      0x1bc c:/program files (x86)/atmel/avr studio 5.0/avr toolchain/bin/../lib/gcc/avr/4.5.1/../../../../avr/lib/avr4/crtm8.o

.stab.excl
 *(.stab.excl)

.stab.exclstr
 *(.stab.exclstr)

.stab.index
 *(.stab.index)

.stab.indexstr
 *(.stab.indexstr)

.comment
 *(.comment)

.debug
 *(.debug)

.line
 *(.line)

.debug_srcinfo
 *(.debug_srcinfo)

.debug_sfnames
 *(.debug_sfnames)

.debug_aranges  0x00000000      0x100
 *(.debug_aranges)
 .debug_aranges
                0x00000000       0x20 at24cxxx.o
 .debug_aranges
                0x00000020       0x20 i2cmaster/i2cmaster.o
 .debug_aranges
                0x00000040       0x20 Memory/I2cMemory.o
 .debug_aranges
                0x00000060       0x20 Model/IOmodel.o
 .debug_aranges
                0x00000080       0x20 uart.o
 .debug_aranges
                0x000000a0       0x20 usbdrv.o
 .debug_aranges
                0x000000c0       0x20 usbdrvasm.o
 .debug_aranges
                0x000000e0       0x20 usbStorage.o

.debug_pubnames
                0x00000000      0x38c
 *(.debug_pubnames)
 .debug_pubnames
                0x00000000       0x71 at24cxxx.o
 .debug_pubnames
                0x00000071       0x22 Memory/I2cMemory.o
 .debug_pubnames
                0x00000093       0x31 Model/IOmodel.o
 .debug_pubnames
                0x000000c4       0x9c uart.o
 .debug_pubnames
                0x00000160      0x190 usbdrv.o
 .debug_pubnames
                0x000002f0       0x9c usbStorage.o

.debug_info     0x00000000     0x1270
 *(.debug_info)
 .debug_info    0x00000000      0x204 at24cxxx.o
 .debug_info    0x00000204       0x66 i2cmaster/i2cmaster.o
 .debug_info    0x0000026a       0x8c Memory/I2cMemory.o
 .debug_info    0x000002f6       0x93 Model/IOmodel.o
 .debug_info    0x00000389       0x5e oddebug.o
 .debug_info    0x000003e7      0x308 uart.o
 .debug_info    0x000006ef        0x0 UartTests/UartBlock.o
 .debug_info    0x000006ef      0x858 usbdrv.o
 .debug_info    0x00000f47       0x5e usbdrvasm.o
 .debug_info    0x00000fa5      0x2cb usbStorage.o
 *(.gnu.linkonce.wi.*)

.debug_abbrev   0x00000000      0x644
 *(.debug_abbrev)
 .debug_abbrev  0x00000000       0xe6 at24cxxx.o
 .debug_abbrev  0x000000e6       0x14 i2cmaster/i2cmaster.o
 .debug_abbrev  0x000000fa       0x59 Memory/I2cMemory.o
 .debug_abbrev  0x00000153       0x4c Model/IOmodel.o
 .debug_abbrev  0x0000019f       0x2a oddebug.o
 .debug_abbrev  0x000001c9      0x101 uart.o
 .debug_abbrev  0x000002ca        0x1 UartTests/UartBlock.o
 .debug_abbrev  0x000002cb      0x223 usbdrv.o
 .debug_abbrev  0x000004ee       0x14 usbdrvasm.o
 .debug_abbrev  0x00000502      0x142 usbStorage.o

.debug_line     0x00000000     0x1498
 *(.debug_line)
 .debug_line    0x00000000      0x56d at24cxxx.o
 .debug_line    0x0000056d       0xba i2cmaster/i2cmaster.o
 .debug_line    0x00000627       0x8f Memory/I2cMemory.o
 .debug_line    0x000006b6      0x13b Model/IOmodel.o
 .debug_line    0x000007f1       0x3e oddebug.o
 .debug_line    0x0000082f      0x2bf uart.o
 .debug_line    0x00000aee       0x24 UartTests/UartBlock.o
 .debug_line    0x00000b12      0x5ac usbdrv.o
 .debug_line    0x000010be      0x1d6 usbdrvasm.o
 .debug_line    0x00001294      0x204 usbStorage.o

.debug_frame    0x00000000      0x260
 *(.debug_frame)
 .debug_frame   0x00000000       0x50 at24cxxx.o
 .debug_frame   0x00000050       0x20 Memory/I2cMemory.o
 .debug_frame   0x00000070       0x30 Model/IOmodel.o
 .debug_frame   0x000000a0       0xa0 uart.o
 .debug_frame   0x00000140       0xd0 usbdrv.o
 .debug_frame   0x00000210       0x50 usbStorage.o

.debug_str      0x00000000      0x612
 *(.debug_str)
 .debug_str     0x00000000       0xee at24cxxx.o
                                0x127 (size before relaxing)
 .debug_str     0x000000ee       0x2c Memory/I2cMemory.o
                                 0xc4 (size before relaxing)
 .debug_str     0x0000011a       0x2a Model/IOmodel.o
                                 0xca (size before relaxing)
 .debug_str     0x00000144        0xf oddebug.o
                                 0xa7 (size before relaxing)
 .debug_str     0x00000153      0x11b uart.o
                                0x1c9 (size before relaxing)
 .debug_str     0x0000026e      0x310 usbdrv.o
                                0x3f0 (size before relaxing)
 .debug_str     0x0000057e       0x94 usbStorage.o
                                0x1c8 (size before relaxing)

.debug_loc
 *(.debug_loc)

.debug_macinfo
 *(.debug_macinfo)
OUTPUT(usbStorage.elf elf32-avr)
LOAD linker stubs

.debug_pubtypes
                0x00000000      0x185
 .debug_pubtypes
                0x00000000       0x2b at24cxxx.o
 .debug_pubtypes
                0x0000002b       0x12 Memory/I2cMemory.o
 .debug_pubtypes
                0x0000003d       0x1e Model/IOmodel.o
 .debug_pubtypes
                0x0000005b       0x12 oddebug.o
 .debug_pubtypes
                0x0000006d       0x2b uart.o
 .debug_pubtypes
                0x00000098       0x87 usbdrv.o
 .debug_pubtypes
                0x0000011f       0x66 usbStorage.o

.debug_ranges   0x00000000       0x30
 .debug_ranges  0x00000000       0x30 usbdrv.o
